Archive member included to satisfy reference by file (symbol)

c:/st/stm32cubeide_1.9.0/stm32cubeide/plugins/com.st.stm32cube.ide.mcu.externaltools.gnu-tools-for-stm32.10.3-2021.10.win32_1.0.200.202301161003/tools/bin/../lib/gcc/arm-none-eabi/10.3.1/../../../../arm-none-eabi/lib/thumb/v6-m/nofp\libc_nano.a(lib_a-errno.o)
                              ./Src/syscalls.o (__errno)
c:/st/stm32cubeide_1.9.0/stm32cubeide/plugins/com.st.stm32cube.ide.mcu.externaltools.gnu-tools-for-stm32.10.3-2021.10.win32_1.0.200.202301161003/tools/bin/../lib/gcc/arm-none-eabi/10.3.1/../../../../arm-none-eabi/lib/thumb/v6-m/nofp\libc_nano.a(lib_a-exit.o)
                              c:/st/stm32cubeide_1.9.0/stm32cubeide/plugins/com.st.stm32cube.ide.mcu.externaltools.gnu-tools-for-stm32.10.3-2021.10.win32_1.0.200.202301161003/tools/bin/../lib/gcc/arm-none-eabi/10.3.1/../../../../arm-none-eabi/lib/thumb/v6-m/nofp/crt0.o (exit)
c:/st/stm32cubeide_1.9.0/stm32cubeide/plugins/com.st.stm32cube.ide.mcu.externaltools.gnu-tools-for-stm32.10.3-2021.10.win32_1.0.200.202301161003/tools/bin/../lib/gcc/arm-none-eabi/10.3.1/../../../../arm-none-eabi/lib/thumb/v6-m/nofp\libc_nano.a(lib_a-impure.o)
                              c:/st/stm32cubeide_1.9.0/stm32cubeide/plugins/com.st.stm32cube.ide.mcu.externaltools.gnu-tools-for-stm32.10.3-2021.10.win32_1.0.200.202301161003/tools/bin/../lib/gcc/arm-none-eabi/10.3.1/../../../../arm-none-eabi/lib/thumb/v6-m/nofp\libc_nano.a(lib_a-exit.o) (_global_impure_ptr)
c:/st/stm32cubeide_1.9.0/stm32cubeide/plugins/com.st.stm32cube.ide.mcu.externaltools.gnu-tools-for-stm32.10.3-2021.10.win32_1.0.200.202301161003/tools/bin/../lib/gcc/arm-none-eabi/10.3.1/../../../../arm-none-eabi/lib/thumb/v6-m/nofp\libc_nano.a(lib_a-init.o)
                              c:/st/stm32cubeide_1.9.0/stm32cubeide/plugins/com.st.stm32cube.ide.mcu.externaltools.gnu-tools-for-stm32.10.3-2021.10.win32_1.0.200.202301161003/tools/bin/../lib/gcc/arm-none-eabi/10.3.1/../../../../arm-none-eabi/lib/thumb/v6-m/nofp/crt0.o (__libc_init_array)
c:/st/stm32cubeide_1.9.0/stm32cubeide/plugins/com.st.stm32cube.ide.mcu.externaltools.gnu-tools-for-stm32.10.3-2021.10.win32_1.0.200.202301161003/tools/bin/../lib/gcc/arm-none-eabi/10.3.1/../../../../arm-none-eabi/lib/thumb/v6-m/nofp\libc_nano.a(lib_a-memset.o)
                              c:/st/stm32cubeide_1.9.0/stm32cubeide/plugins/com.st.stm32cube.ide.mcu.externaltools.gnu-tools-for-stm32.10.3-2021.10.win32_1.0.200.202301161003/tools/bin/../lib/gcc/arm-none-eabi/10.3.1/../../../../arm-none-eabi/lib/thumb/v6-m/nofp/crt0.o (memset)
c:/st/stm32cubeide_1.9.0/stm32cubeide/plugins/com.st.stm32cube.ide.mcu.externaltools.gnu-tools-for-stm32.10.3-2021.10.win32_1.0.200.202301161003/tools/bin/../lib/gcc/arm-none-eabi/10.3.1/../../../../arm-none-eabi/lib/thumb/v6-m/nofp\libc_nano.a(lib_a-vsprintf.o)
                              ./Src/RS485.o (vsprintf)
c:/st/stm32cubeide_1.9.0/stm32cubeide/plugins/com.st.stm32cube.ide.mcu.externaltools.gnu-tools-for-stm32.10.3-2021.10.win32_1.0.200.202301161003/tools/bin/../lib/gcc/arm-none-eabi/10.3.1/../../../../arm-none-eabi/lib/thumb/v6-m/nofp\libc_nano.a(lib_a-nano-svfprintf.o)
                              c:/st/stm32cubeide_1.9.0/stm32cubeide/plugins/com.st.stm32cube.ide.mcu.externaltools.gnu-tools-for-stm32.10.3-2021.10.win32_1.0.200.202301161003/tools/bin/../lib/gcc/arm-none-eabi/10.3.1/../../../../arm-none-eabi/lib/thumb/v6-m/nofp\libc_nano.a(lib_a-vsprintf.o) (_svfprintf_r)
c:/st/stm32cubeide_1.9.0/stm32cubeide/plugins/com.st.stm32cube.ide.mcu.externaltools.gnu-tools-for-stm32.10.3-2021.10.win32_1.0.200.202301161003/tools/bin/../lib/gcc/arm-none-eabi/10.3.1/../../../../arm-none-eabi/lib/thumb/v6-m/nofp\libc_nano.a(lib_a-nano-vfprintf_i.o)
                              c:/st/stm32cubeide_1.9.0/stm32cubeide/plugins/com.st.stm32cube.ide.mcu.externaltools.gnu-tools-for-stm32.10.3-2021.10.win32_1.0.200.202301161003/tools/bin/../lib/gcc/arm-none-eabi/10.3.1/../../../../arm-none-eabi/lib/thumb/v6-m/nofp\libc_nano.a(lib_a-nano-svfprintf.o) (_printf_i)
c:/st/stm32cubeide_1.9.0/stm32cubeide/plugins/com.st.stm32cube.ide.mcu.externaltools.gnu-tools-for-stm32.10.3-2021.10.win32_1.0.200.202301161003/tools/bin/../lib/gcc/arm-none-eabi/10.3.1/../../../../arm-none-eabi/lib/thumb/v6-m/nofp\libc_nano.a(lib_a-memchr-stub.o)
                              c:/st/stm32cubeide_1.9.0/stm32cubeide/plugins/com.st.stm32cube.ide.mcu.externaltools.gnu-tools-for-stm32.10.3-2021.10.win32_1.0.200.202301161003/tools/bin/../lib/gcc/arm-none-eabi/10.3.1/../../../../arm-none-eabi/lib/thumb/v6-m/nofp\libc_nano.a(lib_a-nano-svfprintf.o) (memchr)
c:/st/stm32cubeide_1.9.0/stm32cubeide/plugins/com.st.stm32cube.ide.mcu.externaltools.gnu-tools-for-stm32.10.3-2021.10.win32_1.0.200.202301161003/tools/bin/../lib/gcc/arm-none-eabi/10.3.1/../../../../arm-none-eabi/lib/thumb/v6-m/nofp\libc_nano.a(lib_a-memcpy-stub.o)
[...]
Memory Configuration

Name             Origin             Length             Attributes
RAM              0x0000000020000000 0x0000000000002000 xrw
FLASH            0x0000000008000000 0x0000000000010000 xr
*default*        0x0000000000000000 0xffffffffffffffff

Linker script and memory map

LOAD c:/st/stm32cubeide_1.9.0/stm32cubeide/plugins/com.st.stm32cube.ide.mcu.externaltools.gnu-tools-for-stm32.10.3-2021.10.win32_1.0.200.202301161003/tools/bin/../lib/gcc/arm-none-eabi/10.3.1/thumb/v6-m/nofp/crti.o
LOAD c:/st/stm32cubeide_1.9.0/stm32cubeide/plugins/com.st.stm32cube.ide.mcu.externaltools.gnu-tools-for-stm32.10.3-2021.10.win32_1.0.200.202301161003/tools/bin/../lib/gcc/arm-none-eabi/10.3.1/thumb/v6-m/nofp/crtbegin.o
LOAD c:/st/stm32cubeide_1.9.0/stm32cubeide/plugins/com.st.stm32cube.ide.mcu.externaltools.gnu-tools-for-stm32.10.3-2021.10.win32_1.0.200.202301161003/tools/bin/../lib/gcc/arm-none-eabi/10.3.1/../../../../arm-none-eabi/lib/thumb/v6-m/nofp/crt0.o
LOAD ./Drivers/STM32F0xx_HAL_Driver/Src/stm32f0xx_hal.o
LOAD ./Drivers/STM32F0xx_HAL_Driver/Src/stm32f0xx_hal_adc.o
LOAD ./Drivers/STM32F0xx_HAL_Driver/Src/stm32f0xx_hal_adc_ex.o
LOAD ./Drivers/STM32F0xx_HAL_Driver/Src/stm32f0xx_hal_cortex.o
LOAD ./Drivers/STM32F0xx_HAL_Driver/Src/stm32f0xx_hal_dma.o
LOAD ./Drivers/STM32F0xx_HAL_Driver/Src/stm32f0xx_hal_exti.o
LOAD ./Drivers/STM32F0xx_HAL_Driver/Src/stm32f0xx_hal_flash.o
LOAD ./Drivers/STM32F0xx_HAL_Driver/Src/stm32f0xx_hal_flash_ex.o
LOAD ./Drivers/STM32F0xx_HAL_Driver/Src/stm32f0xx_hal_gpio.o
LOAD ./Drivers/STM32F0xx_HAL_Driver/Src/stm32f0xx_hal_i2c.o
LOAD ./Drivers/STM32F0xx_HAL_Driver/Src/stm32f0xx_hal_i2c_ex.o
LOAD ./Drivers/STM32F0xx_HAL_Driver/Src/stm32f0xx_hal_pwr.o
LOAD ./Drivers/STM32F0xx_HAL_Driver/Src/stm32f0xx_hal_pwr_ex.o
LOAD ./Drivers/STM32F0xx_HAL_Driver/Src/stm32f0xx_hal_rcc.o
LOAD ./Drivers/STM32F0xx_HAL_Driver/Src/stm32f0xx_hal_rcc_ex.o
LOAD ./Drivers/STM32F0xx_HAL_Driver/Src/stm32f0xx_hal_tim.o
LOAD ./Drivers/STM32F0xx_HAL_Driver/Src/stm32f0xx_hal_tim_ex.o
LOAD ./Drivers/STM32F0xx_HAL_Driver/Src/stm32f0xx_hal_uart.o
LOAD ./Drivers/STM32F0xx_HAL_Driver/Src/stm32f0xx_hal_uart_ex.o
LOAD ./Src/Crc16.o
LOAD ./Src/Modbus_Crc.o
LOAD ./Src/MyTimer.o
LOAD ./Src/RS485.o
LOAD ./Src/RS485_2.o
LOAD ./Src/keyscan.o
LOAD ./Src/main.o
LOAD ./Src/stm32f0xx_hal_msp.o
LOAD ./Src/stm32f0xx_it.o
LOAD ./Src/syscalls.o
LOAD ./Src/sysmem.o
LOAD ./Src/system_stm32f0xx.o
LOAD ./Startup/startup_stm32f030r8tx.o
START GROUP
LOAD c:/st/stm32cubeide_1.9.0/stm32cubeide/plugins/com.st.stm32cube.ide.mcu.externaltools.gnu-tools-for-stm32.10.3-2021.10.win32_1.0.200.202301161003/tools/bin/../lib/gcc/arm-none-eabi/10.3.1/../../../../arm-none-eabi/lib/thumb/v6-m/nofp\libc_nano.a
LOAD c:/st/stm32cubeide_1.9.0/stm32cubeide/plugins/com.st.stm32cube.ide.mcu.externaltools.gnu-tools-for-stm32.10.3-2021.10.win32_1.0.200.202301161003/tools/bin/../lib/gcc/arm-none-eabi/10.3.1/../../../../arm-none-eabi/lib/thumb/v6-m/nofp\libm.a
END GROUP
START GROUP
LOAD c:/st/stm32cubeide_1.9.0/stm32cubeide/plugins/com.st.stm32cube.ide.mcu.externaltools.gnu-tools-for-stm32.10.3-2021.10.win32_1.0.200.202301161003/tools/bin/../lib/gcc/arm-none-eabi/10.3.1/thumb/v6-m/nofp\libgcc.a
LOAD c:/st/stm32cubeide_1.9.0/stm32cubeide/plugins/com.st.stm32cube.ide.mcu.externaltools.gnu-tools-for-stm32.10.3-2021.10.win32_1.0.200.202301161003/tools/bin/../lib/gcc/arm-none-eabi/10.3.1/../../../../arm-none-eabi/lib/thumb/v6-m/nofp\libc_nano.a
END GROUP
START GROUP
LOAD c:/st/stm32cubeide_1.9.0/stm32cubeide/plugins/com.st.stm32cube.ide.mcu.externaltools.gnu-tools-for-stm32.10.3-2021.10.win32_1.0.200.202301161003/tools/bin/../lib/gcc/arm-none-eabi/10.3.1/thumb/v6-m/nofp\libgcc.a
LOAD c:/st/stm32cubeide_1.9.0/stm32cubeide/plugins/com.st.stm32cube.ide.mcu.externaltools.gnu-tools-for-stm32.10.3-2021.10.win32_1.0.200.202301161003/tools/bin/../lib/gcc/arm-none-eabi/10.3.1/../../../../arm-none-eabi/lib/thumb/v6-m/nofp\libc_nano.a
LOAD c:/st/stm32cubeide_1.9.0/stm32cubeide/plugins/com.st.stm32cube.ide.mcu.externaltools.gnu-tools-for-stm32.10.3-2021.10.win32_1.0.200.202301161003/tools/bin/../lib/gcc/arm-none-eabi/10.3.1/../../../../arm-none-eabi/lib/thumb/v6-m/nofp\libnosys.a
END GROUP
START GROUP
LOAD c:/st/stm32cubeide_1.9.0/stm32cubeide/plugins/com.st.stm32cube.ide.mcu.externaltools.gnu-tools-for-stm32.10.3-2021.10.win32_1.0.200.202301161003/tools/bin/../lib/gcc/arm-none-eabi/10.3.1/thumb/v6-m/nofp\libgcc.a
LOAD c:/st/stm32cubeide_1.9.0/stm32cubeide/plugins/com.st.stm32cube.ide.mcu.externaltools.gnu-tools-for-stm32.10.3-2021.10.win32_1.0.200.202301161003/tools/bin/../lib/gcc/arm-none-eabi/10.3.1/../../../../arm-none-eabi/lib/thumb/v6-m/nofp\libc_nano.a
LOAD c:/st/stm32cubeide_1.9.0/stm32cubeide/plugins/com.st.stm32cube.ide.mcu.externaltools.gnu-tools-for-stm32.10.3-2021.10.win32_1.0.200.202301161003/tools/bin/../lib/gcc/arm-none-eabi/10.3.1/../../../../arm-none-eabi/lib/thumb/v6-m/nofp\libnosys.a
END GROUP
LOAD c:/st/stm32cubeide_1.9.0/stm32cubeide/plugins/com.st.stm32cube.ide.mcu.externaltools.gnu-tools-for-stm32.10.3-2021.10.win32_1.0.200.202301161003/tools/bin/../lib/gcc/arm-none-eabi/10.3.1/thumb/v6-m/nofp/crtend.o
LOAD c:/st/stm32cubeide_1.9.0/stm32cubeide/plugins/com.st.stm32cube.ide.mcu.externaltools.gnu-tools-for-stm32.10.3-2021.10.win32_1.0.200.202301161003/tools/bin/../lib/gcc/arm-none-eabi/10.3.1/thumb/v6-m/nofp/crtn.o
                0x0000000020002000                _estack = (ORIGIN (RAM) + LENGTH (RAM))
                0x0000000000000200                _Min_Heap_Size = 0x200
                0x0000000000000400                _Min_Stack_Size = 0x400

.isr_vector     0x0000000008000000       0xc0
                0x0000000008000000                . = ALIGN (0x4)
 *(.isr_vector)
 .isr_vector    0x0000000008000000       0xc0 ./Startup/startup_stm32f030r8tx.o
                0x0000000008000000                g_pfnVectors
                0x00000000080000c0                . = ALIGN (0x4)

.text           0x00000000080000c0     0x3b3c
                0x00000000080000c0                . = ALIGN (0x4)
 *(.text)
 .text          0x00000000080000c0       0x48 c:/st/stm32cubeide_1.9.0/stm32cubeide/plugins/com.st.stm32cube.ide.mcu.externaltools.gnu-tools-for-stm32.10.3-2021.10.win32_1.0.200.202301161003/tools/bin/../lib/gcc/arm-none-eabi/10.3.1/thumb/v6-m/nofp/crtbegin.o
 .text          0x0000000008000108      0x114 c:/st/stm32cubeide_1.9.0/stm32cubeide/plugins/com.st.stm32cube.ide.mcu.externaltools.gnu-tools-for-stm32.10.3-2021.10.win32_1.0.200.202301161003/tools/bin/../lib/gcc/arm-none-eabi/10.3.1/thumb/v6-m/nofp\libgcc.a(_udivsi3.o)
                0x0000000008000108                __aeabi_uidiv
                0x0000000008000108                __udivsi3
                0x0000000008000214                __aeabi_uidivmod
 .text          0x000000000800021c        0x4 c:/st/stm32cubeide_1.9.0/stm32cubeide/plugins/com.st.stm32cube.ide.mcu.externaltools.gnu-tools-for-stm32.10.3-2021.10.win32_1.0.200.202301161003/tools/bin/../lib/gcc/arm-none-eabi/10.3.1/thumb/v6-m/nofp\libgcc.a(_dvmd_tls.o)
                0x000000000800021c                __aeabi_idiv0
                0x000000000800021c                __aeabi_ldiv0
 *(.text*)
 .text.HAL_Init
                0x0000000008000220       0x28 ./Drivers/STM32F0xx_HAL_Driver/Src/stm32f0xx_hal.o
                0x0000000008000220                HAL_Init
 .text.HAL_InitTick
                0x0000000008000248       0x68 ./Drivers/STM32F0xx_HAL_Driver/Src/stm32f0xx_hal.o
                0x0000000008000248                HAL_InitTick
 .text.HAL_IncTick
                0x00000000080002b0       0x24 ./Drivers/STM32F0xx_HAL_Driver/Src/stm32f0xx_hal.o
                0x00000000080002b0                HAL_IncTick
 .text.HAL_GetTick
                0x00000000080002d4       0x14 ./Drivers/STM32F0xx_HAL_Driver/Src/stm32f0xx_hal.o
                0x00000000080002d4                HAL_GetTick
 .text.HAL_Delay
                0x00000000080002e8       0x48 ./Drivers/STM32F0xx_HAL_Driver/Src/stm32f0xx_hal.o
                0x00000000080002e8                HAL_Delay
 .text.HAL_ADC_Init
                0x0000000008000330      0x280 ./Drivers/STM32F0xx_HAL_Driver/Src/stm32f0xx_hal_adc.o
                0x0000000008000330                HAL_ADC_Init
 .text.HAL_ADC_Start_DMA
                0x00000000080005b0      0x104 ./Drivers/STM32F0xx_HAL_Driver/Src/stm32f0xx_hal_adc.o
                0x00000000080005b0                HAL_ADC_Start_DMA
 .text.HAL_ADC_ConvCpltCallback
                0x00000000080006b4       0x10 ./Drivers/STM32F0xx_HAL_Driver/Src/stm32f0xx_hal_adc.o
                0x00000000080006b4                HAL_ADC_ConvCpltCallback
 .text.HAL_ADC_ConvHalfCpltCallback
                0x00000000080006c4       0x10 ./Drivers/STM32F0xx_HAL_Driver/Src/stm32f0xx_hal_adc.o
                0x00000000080006c4                HAL_ADC_ConvHalfCpltCallback
 .text.HAL_ADC_ErrorCallback
                0x00000000080006d4       0x10 ./Drivers/STM32F0xx_HAL_Driver/Src/stm32f0xx_hal_adc.o
                0x00000000080006d4                HAL_ADC_ErrorCallback
 .text.HAL_ADC_ConfigChannel
                0x00000000080006e4      0x1ec ./Drivers/STM32F0xx_HAL_Driver/Src/stm32f0xx_hal_adc.o
                0x00000000080006e4                HAL_ADC_ConfigChannel
 .text.HAL_ADC_GetState
                0x00000000080008d0       0x14 ./Drivers/STM32F0xx_HAL_Driver/Src/stm32f0xx_hal_adc.o
                0x00000000080008d0                HAL_ADC_GetState
 .text.ADC_Enable
                0x00000000080008e4      0x108 ./Drivers/STM32F0xx_HAL_Driver/Src/stm32f0xx_hal_adc.o
 .text.ADC_DMAConvCplt
                0x00000000080009ec       0xb4 ./Drivers/STM32F0xx_HAL_Driver/Src/stm32f0xx_hal_adc.o
 .text.ADC_DMAHalfConvCplt
                0x0000000008000aa0       0x1e ./Drivers/STM32F0xx_HAL_Driver/Src/stm32f0xx_hal_adc.o
 .text.ADC_DMAError
                0x0000000008000abe       0x36 ./Drivers/STM32F0xx_HAL_Driver/Src/stm32f0xx_hal_adc.o
 .text.HAL_ADCEx_Calibration_Start
                0x0000000008000af4      0x150 ./Drivers/STM32F0xx_HAL_Driver/Src/stm32f0xx_hal_adc_ex.o
                0x0000000008000af4                HAL_ADCEx_Calibration_Start
 .text.__NVIC_EnableIRQ
                0x0000000008000c44       0x34 ./Drivers/STM32F0xx_HAL_Driver/Src/stm32f0xx_hal_cortex.o
 .text.__NVIC_SetPriority
                0x0000000008000c78       0xdc ./Drivers/STM32F0xx_HAL_Driver/Src/stm32f0xx_hal_cortex.o
 .text.SysTick_Config
                0x0000000008000d54       0x48 ./Drivers/STM32F0xx_HAL_Driver/Src/stm32f0xx_hal_cortex.o
 .text.HAL_NVIC_SetPriority
                0x0000000008000d9c       0x2a ./Drivers/STM32F0xx_HAL_Driver/Src/stm32f0xx_hal_cortex.o
                0x0000000008000d9c                HAL_NVIC_SetPriority
 .text.HAL_NVIC_EnableIRQ
                0x0000000008000dc6       0x20 ./Drivers/STM32F0xx_HAL_Driver/Src/stm32f0xx_hal_cortex.o
                0x0000000008000dc6                HAL_NVIC_EnableIRQ
 .text.HAL_SYSTICK_Config
                0x0000000008000de6       0x1a ./Drivers/STM32F0xx_HAL_Driver/Src/stm32f0xx_hal_cortex.o
                0x0000000008000de6                HAL_SYSTICK_Config
 .text.HAL_DMA_Init
                0x0000000008000e00       0x90 ./Drivers/STM32F0xx_HAL_Driver/Src/stm32f0xx_hal_dma.o
                0x0000000008000e00                HAL_DMA_Init
 .text.HAL_DMA_Start_IT
                0x0000000008000e90       0xcc ./Drivers/STM32F0xx_HAL_Driver/Src/stm32f0xx_hal_dma.o
                0x0000000008000e90                HAL_DMA_Start_IT
 .text.HAL_DMA_IRQHandler
                0x0000000008000f5c      0x144 ./Drivers/STM32F0xx_HAL_Driver/Src/stm32f0xx_hal_dma.o
                0x0000000008000f5c                HAL_DMA_IRQHandler
 .text.DMA_SetConfig
                0x00000000080010a0       0x58 ./Drivers/STM32F0xx_HAL_Driver/Src/stm32f0xx_hal_dma.o
 .text.DMA_CalcBaseAndBitshift
                0x00000000080010f8       0x38 ./Drivers/STM32F0xx_HAL_Driver/Src/stm32f0xx_hal_dma.o
 .text.HAL_GPIO_Init
                0x0000000008001130      0x2e0 ./Drivers/STM32F0xx_HAL_Driver/Src/stm32f0xx_hal_gpio.o
                0x0000000008001130                HAL_GPIO_Init
 .text.HAL_GPIO_ReadPin
                0x0000000008001410       0x3a ./Drivers/STM32F0xx_HAL_Driver/Src/stm32f0xx_hal_gpio.o
                0x0000000008001410                HAL_GPIO_ReadPin
 .text.HAL_GPIO_WritePin
                0x000000000800144a       0x3a ./Drivers/STM32F0xx_HAL_Driver/Src/stm32f0xx_hal_gpio.o
                0x000000000800144a                HAL_GPIO_WritePin
 .text.HAL_RCC_OscConfig
                0x0000000008001484      0x634 ./Drivers/STM32F0xx_HAL_Driver/Src/stm32f0xx_hal_rcc.o
                0x0000000008001484                HAL_RCC_OscConfig
 .text.HAL_RCC_ClockConfig
                0x0000000008001ab8      0x19c ./Drivers/STM32F0xx_HAL_Driver/Src/stm32f0xx_hal_rcc.o
                0x0000000008001ab8                HAL_RCC_ClockConfig
 .text.HAL_RCC_GetSysClockFreq
                0x0000000008001c54       0xac ./Drivers/STM32F0xx_HAL_Driver/Src/stm32f0xx_hal_rcc.o
                0x0000000008001c54                HAL_RCC_GetSysClockFreq
 .text.HAL_RCC_GetHCLKFreq
                0x0000000008001d00       0x14 ./Drivers/STM32F0xx_HAL_Driver/Src/stm32f0xx_hal_rcc.o
                0x0000000008001d00                HAL_RCC_GetHCLKFreq
 .text.HAL_RCC_GetPCLK1Freq
                0x0000000008001d14       0x2c ./Drivers/STM32F0xx_HAL_Driver/Src/stm32f0xx_hal_rcc.o
                0x0000000008001d14                HAL_RCC_GetPCLK1Freq
 .text.HAL_RCCEx_PeriphCLKConfig
                0x0000000008001d40      0x19c ./Drivers/STM32F0xx_HAL_Driver/Src/stm32f0xx_hal_rcc_ex.o
                0x0000000008001d40                HAL_RCCEx_PeriphCLKConfig
 .text.UART_SetConfig
                0x0000000008001edc      0x280 ./Drivers/STM32F0xx_HAL_Driver/Src/stm32f0xx_hal_uart.o
                0x0000000008001edc                UART_SetConfig
 .text.UART_AdvFeatureConfig
                0x000000000800215c      0x168 ./Drivers/STM32F0xx_HAL_Driver/Src/stm32f0xx_hal_uart.o
                0x000000000800215c                UART_AdvFeatureConfig
 .text.UART_CheckIdleState
                0x00000000080022c4      0x150 ./Drivers/STM32F0xx_HAL_Driver/Src/stm32f0xx_hal_uart.o
                0x00000000080022c4                UART_CheckIdleState
 .text.UART_WaitOnFlagUntilTimeout
                0x0000000008002414       0xd2 ./Drivers/STM32F0xx_HAL_Driver/Src/stm32f0xx_hal_uart.o
                0x0000000008002414                UART_WaitOnFlagUntilTimeout
 *fill*         0x00000000080024e6        0x2 
 .text.UART_EndRxTransfer
                0x00000000080024e8       0xc8 ./Drivers/STM32F0xx_HAL_Driver/Src/stm32f0xx_hal_uart.o
 .text.HAL_RS485Ex_Init
                0x00000000080025b0       0xe0 ./Drivers/STM32F0xx_HAL_Driver/Src/stm32f0xx_hal_uart_ex.o
                0x00000000080025b0                HAL_RS485Ex_Init
 .text.MakeCCITT16
                0x0000000008002690       0x6c ./Src/Crc16.o
                0x0000000008002690                MakeCCITT16
 .text.crc_modbus
                0x00000000080026fc       0x98 ./Src/Modbus_Crc.o
                0x00000000080026fc                crc_modbus
 .text.init_crc16_tab
                0x0000000008002794       0xac ./Src/Modbus_Crc.o
                0x0000000008002794                init_crc16_tab
 .text.MyTimer_Handler
                0x0000000008002840       0xb4 ./Src/MyTimer.o
                0x0000000008002840                MyTimer_Handler
 .text.Timer_Proc
                0x00000000080028f4       0x9c ./Src/MyTimer.o
                0x00000000080028f4                Timer_Proc
 .text.USART1_IRQ_Function
                0x0000000008002990      0x14c ./Src/RS485.o
                0x0000000008002990                USART1_IRQ_Function
 .text.Rs485_proc
                0x0000000008002adc      0x220 ./Src/RS485.o
                0x0000000008002adc                Rs485_proc
 .text.SendChar1
                0x0000000008002cfc       0x98 ./Src/RS485.o
                0x0000000008002cfc                SendChar1
 .text.USART2_IRQ_Function
                0x0000000008002d94      0x148 ./Src/RS485_2.o
                0x0000000008002d94                USART2_IRQ_Function
 .text.GSen485_2_Proc
                0x0000000008002edc      0x210 ./Src/RS485_2.o
                0x0000000008002edc                GSen485_2_Proc
 .text.SendChar2
                0x00000000080030ec       0x94 ./Src/RS485_2.o
                0x00000000080030ec                SendChar2
 .text.keyprocess
                0x0000000008003180       0xb0 ./Src/keyscan.o
                0x0000000008003180                keyprocess
 .text.oputputprocess
                0x0000000008003230       0x64 ./Src/keyscan.o
                0x0000000008003230                oputputprocess
 .text.main     0x0000000008003294       0x36 ./Src/main.o
                0x0000000008003294                main
 .text.SystemClock_Config
                0x00000000080032ca       0xce ./Src/main.o
                0x00000000080032ca                SystemClock_Config
 .text.MX_ADC_Init
                0x0000000008003398      0x178 ./Src/main.o
 .text.MX_USART1_UART_Init
                0x0000000008003510       0x70 ./Src/main.o
 .text.MX_USART2_UART_Init
                0x0000000008003580       0x70 ./Src/main.o
 .text.MX_DMA_Init
                0x00000000080035f0       0x3c ./Src/main.o
 .text.MX_GPIO_Init
                0x000000000800362c      0x1b4 ./Src/main.o
 .text.Error_Handler
                0x00000000080037e0        0xa ./Src/main.o
                0x00000000080037e0                Error_Handler
 *fill*         0x00000000080037ea        0x2 
 .text.HAL_MspInit
                0x00000000080037ec       0x48 ./Src/stm32f0xx_hal_msp.o
                0x00000000080037ec                HAL_MspInit
 .text.HAL_ADC_MspInit
                0x0000000008003834      0x160 ./Src/stm32f0xx_hal_msp.o
                0x0000000008003834                HAL_ADC_MspInit
 .text.HAL_UART_MspInit
                0x0000000008003994      0x130 ./Src/stm32f0xx_hal_msp.o
                0x0000000008003994                HAL_UART_MspInit
 .text.NMI_Handler
                0x0000000008003ac4        0x6 ./Src/stm32f0xx_it.o
                0x0000000008003ac4                NMI_Handler
 .text.HardFault_Handler
                0x0000000008003aca        0x6 ./Src/stm32f0xx_it.o
                0x0000000008003aca                HardFault_Handler
 .text.SVC_Handler
                0x0000000008003ad0        0xa ./Src/stm32f0xx_it.o
                0x0000000008003ad0                SVC_Handler
 .text.PendSV_Handler
                0x0000000008003ada        0xa ./Src/stm32f0xx_it.o
                0x0000000008003ada                PendSV_Handler
 .text.SysTick_Handler
                0x0000000008003ae4       0x12 ./Src/stm32f0xx_it.o
                0x0000000008003ae4                SysTick_Handler
 *fill*         0x0000000008003af6        0x2 
 .text.DMA1_Channel1_IRQHandler
                0x0000000008003af8       0x18 ./Src/stm32f0xx_it.o
                0x0000000008003af8                DMA1_Channel1_IRQHandler
 .text.USART1_IRQHandler
                0x0000000008003b10        0xe ./Src/stm32f0xx_it.o
                0x0000000008003b10                USART1_IRQHandler
 .text.USART2_IRQHandler
                0x0000000008003b1e        0xe ./Src/stm32f0xx_it.o
                0x0000000008003b1e                USART2_IRQHandler
 .text.SystemInit
                0x0000000008003b2c        0xa ./Src/system_stm32f0xx.o
                0x0000000008003b2c                SystemInit
 *fill*         0x0000000008003b36        0x2 
 .text.Reset_Handler
                0x0000000008003b38       0x50 ./Startup/startup_stm32f030r8tx.o
                0x0000000008003b38                Reset_Handler
 .text.Default_Handler
                0x0000000008003b88        0x2 ./Startup/startup_stm32f030r8tx.o
                0x0000000008003b88                TIM1_CC_IRQHandler
                0x0000000008003b88                TIM6_IRQHandler
                0x0000000008003b88                I2C1_IRQHandler
                0x0000000008003b88                SPI1_IRQHandler
                0x0000000008003b88                EXTI2_3_IRQHandler
                0x0000000008003b88                ADC1_IRQHandler
                0x0000000008003b88                I2C2_IRQHandler
                0x0000000008003b88                TIM17_IRQHandler
                0x0000000008003b88                RTC_IRQHandler
                0x0000000008003b88                TIM16_IRQHandler
                0x0000000008003b88                TIM3_IRQHandler
                0x0000000008003b88                EXTI4_15_IRQHandler
                0x0000000008003b88                RCC_IRQHandler
                0x0000000008003b88                Default_Handler
                0x0000000008003b88                TIM14_IRQHandler
                0x0000000008003b88                DMA1_Channel4_5_IRQHandler
                0x0000000008003b88                TIM15_IRQHandler
                0x0000000008003b88                EXTI0_1_IRQHandler
                0x0000000008003b88                SPI2_IRQHandler
                0x0000000008003b88                WWDG_IRQHandler
                0x0000000008003b88                DMA1_Channel2_3_IRQHandler
                0x0000000008003b88                FLASH_IRQHandler
                0x0000000008003b88                TIM1_BRK_UP_TRG_COM_IRQHandler
 *fill*         0x0000000008003b8a        0x2 
 .text.__libc_init_array
                0x0000000008003b8c       0x48 c:/st/stm32cubeide_1.9.0/stm32cubeide/plugins/com.st.stm32cube.ide.mcu.externaltools.gnu-tools-for-stm32.10.3-2021.10.win32_1.0.200.202301161003/tools/bin/../lib/gcc/arm-none-eabi/10.3.1/../../../../arm-none-eabi/lib/thumb/v6-m/nofp\libc_nano.a(lib_a-init.o)
                0x0000000008003b8c                __libc_init_array
 .text.memset   0x0000000008003bd4       0x10 c:/st/stm32cubeide_1.9.0/stm32cubeide/plugins/com.st.stm32cube.ide.mcu.externaltools.gnu-tools-for-stm32.10.3-2021.10.win32_1.0.200.202301161003/tools/bin/../lib/gcc/arm-none-eabi/10.3.1/../../../../arm-none-eabi/lib/thumb/v6-m/nofp\libc_nano.a(lib_a-memset.o)
                0x0000000008003bd4                memset
 *(.glue_7)
 .glue_7        0x0000000008003be4        0x0 linker stubs
 *(.glue_7t)
 .glue_7t       0x0000000008003be4        0x0 linker stubs
 *(.eh_frame)
 .eh_frame      0x0000000008003be4        0x0 c:/st/stm32cubeide_1.9.0/stm32cubeide/plugins/com.st.stm32cube.ide.mcu.externaltools.gnu-tools-for-stm32.10.3-2021.10.win32_1.0.200.202301161003/tools/bin/../lib/gcc/arm-none-eabi/10.3.1/thumb/v6-m/nofp/crtbegin.o
 *(.init)
 .init          0x0000000008003be4        0x4 c:/st/stm32cubeide_1.9.0/stm32cubeide/plugins/com.st.stm32cube.ide.mcu.externaltools.gnu-tools-for-stm32.10.3-2021.10.win32_1.0.200.202301161003/tools/bin/../lib/gcc/arm-none-eabi/10.3.1/thumb/v6-m/nofp/crti.o
                0x0000000008003be4                _init
 .init          0x0000000008003be8        0x8 c:/st/stm32cubeide_1.9.0/stm32cubeide/plugins/com.st.stm32cube.ide.mcu.externaltools.gnu-tools-for-stm32.10.3-2021.10.win32_1.0.200.202301161003/tools/bin/../lib/gcc/arm-none-eabi/10.3.1/thumb/v6-m/nofp/crtn.o
 *(.fini)
 .fini          0x0000000008003bf0        0x4 c:/st/stm32cubeide_1.9.0/stm32cubeide/plugins/com.st.stm32cube.ide.mcu.externaltools.gnu-tools-for-stm32.10.3-2021.10.win32_1.0.200.202301161003/tools/bin/../lib/gcc/arm-none-eabi/10.3.1/thumb/v6-m/nofp/crti.o
                0x0000000008003bf0                _fini
 .fini          0x0000000008003bf4        0x8 c:/st/stm32cubeide_1.9.0/stm32cubeide/plugins/com.st.stm32cube.ide.mcu.externaltools.gnu-tools-for-stm32.10.3-2021.10.win32_1.0.200.202301161003/tools/bin/../lib/gcc/arm-none-eabi/10.3.1/thumb/v6-m/nofp/crtn.o
                0x0000000008003bfc                . = ALIGN (0x4)
                0x0000000008003bfc                _etext = .

.vfp11_veneer   0x0000000008003bfc        0x0
 .vfp11_veneer  0x0000000008003bfc        0x0 linker stubs

.v4_bx          0x0000000008003bfc        0x0
 .v4_bx         0x0000000008003bfc        0x0 linker stubs

.iplt           0x0000000008003bfc        0x0
 .iplt          0x0000000008003bfc        0x0 c:/st/stm32cubeide_1.9.0/stm32cubeide/plugins/com.st.stm32cube.ide.mcu.externaltools.gnu-tools-for-stm32.10.3-2021.10.win32_1.0.200.202301161003/tools/bin/../lib/gcc/arm-none-eabi/10.3.1/thumb/v6-m/nofp/crtbegin.o

.rodata         0x0000000008003bfc      0x238
                0x0000000008003bfc                . = ALIGN (0x4)
 *(.rodata)
 *(.rodata*)
 .rodata.aPLLMULFactorTable.1
                0x0000000008003bfc       0x10 ./Drivers/STM32F0xx_HAL_Driver/Src/stm32f0xx_hal_rcc.o
 .rodata.aPredivFactorTable.0
                0x0000000008003c0c       0x10 ./Drivers/STM32F0xx_HAL_Driver/Src/stm32f0xx_hal_rcc.o
 .rodata.CrcCcittTable
                0x0000000008003c1c      0x200 ./Src/Crc16.o
                0x0000000008003c1c                CrcCcittTable
 .rodata.AHBPrescTable
                0x0000000008003e1c       0x10 ./Src/system_stm32f0xx.o
                0x0000000008003e1c                AHBPrescTable
 .rodata.APBPrescTable
                0x0000000008003e2c        0x8 ./Src/system_stm32f0xx.o
                0x0000000008003e2c                APBPrescTable
                0x0000000008003e34                . = ALIGN (0x4)

.rel.dyn        0x0000000008003e34        0x0
 .rel.iplt      0x0000000008003e34        0x0 c:/st/stm32cubeide_1.9.0/stm32cubeide/plugins/com.st.stm32cube.ide.mcu.externaltools.gnu-tools-for-stm32.10.3-2021.10.win32_1.0.200.202301161003/tools/bin/../lib/gcc/arm-none-eabi/10.3.1/thumb/v6-m/nofp/crtbegin.o

.ARM.extab      0x0000000008003e34        0x0
                0x0000000008003e34                . = ALIGN (0x4)
 *(.ARM.extab* .gnu.linkonce.armextab.*)
                0x0000000008003e34                . = ALIGN (0x4)

.ARM            0x0000000008003e34        0x0
                0x0000000008003e34                . = ALIGN (0x4)
                0x0000000008003e34                __exidx_start = .
 *(.ARM.exidx*)
                0x0000000008003e34                __exidx_end = .
                0x0000000008003e34                . = ALIGN (0x4)

.preinit_array  0x0000000008003e34        0x0
                0x0000000008003e34                . = ALIGN (0x4)
                0x0000000008003e34                PROVIDE (__preinit_array_start = .)
 *(.preinit_array*)
                0x0000000008003e34                PROVIDE (__preinit_array_end = .)
                0x0000000008003e34                . = ALIGN (0x4)

.init_array     0x0000000008003e34        0x4
                0x0000000008003e34                . = ALIGN (0x4)
                0x0000000008003e34                PROVIDE (__init_array_start = .)
 *(SORT_BY_NAME(.init_array.*))
 *(.init_array*)
 .init_array    0x0000000008003e34        0x4 c:/st/stm32cubeide_1.9.0/stm32cubeide/plugins/com.st.stm32cube.ide.mcu.externaltools.gnu-tools-for-stm32.10.3-2021.10.win32_1.0.200.202301161003/tools/bin/../lib/gcc/arm-none-eabi/10.3.1/thumb/v6-m/nofp/crtbegin.o
                0x0000000008003e38                PROVIDE (__init_array_end = .)
                0x0000000008003e38                . = ALIGN (0x4)

.fini_array     0x0000000008003e38        0x4
                0x0000000008003e38                . = ALIGN (0x4)
                [!provide]                        PROVIDE (__fini_array_start = .)
 *(SORT_BY_NAME(.fini_array.*))
 *(.fini_array*)
 .fini_array    0x0000000008003e38        0x4 c:/st/stm32cubeide_1.9.0/stm32cubeide/plugins/com.st.stm32cube.ide.mcu.externaltools.gnu-tools-for-stm32.10.3-2021.10.win32_1.0.200.202301161003/tools/bin/../lib/gcc/arm-none-eabi/10.3.1/thumb/v6-m/nofp/crtbegin.o
                [!provide]                        PROVIDE (__fini_array_end = .)
                0x0000000008003e3c                . = ALIGN (0x4)
                0x0000000008003e3c                _sidata = LOADADDR (.data)

.data           0x0000000020000000       0x10 load address 0x0000000008003e3c
                0x0000000020000000                . = ALIGN (0x4)
                0x0000000020000000                _sdata = .
 *(.data)
 *(.data*)
 .data.uwTickPrio
                0x0000000020000000        0x4 ./Drivers/STM32F0xx_HAL_Driver/Src/stm32f0xx_hal.o
                0x0000000020000000                uwTickPrio
 .data.uwTickFreq
                0x0000000020000004        0x1 ./Drivers/STM32F0xx_HAL_Driver/Src/stm32f0xx_hal.o
                0x0000000020000004                uwTickFreq
 .data.tx1_restart
                0x0000000020000005        0x1 ./Src/RS485.o
                0x0000000020000005                tx1_restart
 .data.tx2_restart
                0x0000000020000006        0x1 ./Src/RS485_2.o
                0x0000000020000006                tx2_restart
 *fill*         0x0000000020000007        0x1 
 .data.debounce_delay
                0x0000000020000008        0x4 ./Src/keyscan.o
                0x0000000020000008                debounce_delay
 .data.SystemCoreClock
                0x000000002000000c        0x4 ./Src/system_stm32f0xx.o
                0x000000002000000c                SystemCoreClock
 *(.RamFunc)
 *(.RamFunc*)
                0x0000000020000010                . = ALIGN (0x4)
                0x0000000020000010                _edata = .

.igot.plt       0x0000000020000010        0x0 load address 0x0000000008003e4c
 .igot.plt      0x0000000020000010        0x0 c:/st/stm32cubeide_1.9.0/stm32cubeide/plugins/com.st.stm32cube.ide.mcu.externaltools.gnu-tools-for-stm32.10.3-2021.10.win32_1.0.200.202301161003/tools/bin/../lib/gcc/arm-none-eabi/10.3.1/thumb/v6-m/nofp/crtbegin.o
                0x0000000020000010                . = ALIGN (0x4)

.bss            0x0000000020000010      0x874 load address 0x0000000008003e4c
                0x0000000020000010                _sbss = .
                0x0000000020000010                __bss_start__ = _sbss
 *(.bss)
 .bss           0x0000000020000010       0x1c c:/st/stm32cubeide_1.9.0/stm32cubeide/plugins/com.st.stm32cube.ide.mcu.externaltools.gnu-tools-for-stm32.10.3-2021.10.win32_1.0.200.202301161003/tools/bin/../lib/gcc/arm-none-eabi/10.3.1/thumb/v6-m/nofp/crtbegin.o
 *(.bss*)
 .bss.uwTick    0x000000002000002c        0x4 ./Drivers/STM32F0xx_HAL_Driver/Src/stm32f0xx_hal.o
                0x000000002000002c                uwTick
 .bss.crc_tab16_init
                0x0000000020000030        0x1 ./Src/Modbus_Crc.o
                0x0000000020000030                crc_tab16_init
 *fill*         0x0000000020000031        0x3 
 .bss.crc_tab16
                0x0000000020000034      0x200 ./Src/Modbus_Crc.o
                0x0000000020000034                crc_tab16
 .bss.callback_1ms
                0x0000000020000234        0x1 ./Src/MyTimer.o
                0x0000000020000234                callback_1ms
 .bss.callback_10ms
                0x0000000020000235        0x1 ./Src/MyTimer.o
                0x0000000020000235                callback_10ms
 .bss.callback_100ms
                0x0000000020000236        0x1 ./Src/MyTimer.o
                0x0000000020000236                callback_100ms
 .bss.callback_300ms
                0x0000000020000237        0x1 ./Src/MyTimer.o
                0x0000000020000237                callback_300ms
 .bss.callback_500ms
                0x0000000020000238        0x1 ./Src/MyTimer.o
                0x0000000020000238                callback_500ms
 .bss.callback_1min
                0x0000000020000239        0x1 ./Src/MyTimer.o
                0x0000000020000239                callback_1min
 *fill*         0x000000002000023a        0x2 
 .bss.millis_count
                0x000000002000023c        0x4 ./Src/MyTimer.o
                0x000000002000023c                millis_count
 .bss.flg_485_send
                0x0000000020000240        0x1 ./Src/RS485.o
                0x0000000020000240                flg_485_send
 .bss.urx1_comp
                0x0000000020000241        0x1 ./Src/RS485.o
                0x0000000020000241                urx1_comp
 *fill*         0x0000000020000242        0x2 
 .bss.urx1_buf  0x0000000020000244       0x20 ./Src/RS485.o
                0x0000000020000244                urx1_buf
 .bss.utx1_buf  0x0000000020000264       0x20 ./Src/RS485.o
                0x0000000020000264                utx1_buf
 .bss.utx1_send
                0x0000000020000284       0x20 ./Src/RS485.o
                0x0000000020000284                utx1_send
 .bss.urx1_count
                0x00000000200002a4        0x2 ./Src/RS485.o
                0x00000000200002a4                urx1_count
 .bss.p1_out    0x00000000200002a6        0x2 ./Src/RS485.o
                0x00000000200002a6                p1_out
 .bss.p1_in     0x00000000200002a8        0x2 ./Src/RS485.o
                0x00000000200002a8                p1_in
 .bss.urx1_tout
                0x00000000200002aa        0x2 ./Src/RS485.o
                0x00000000200002aa                urx1_tout
 .bss.sync_gsen2
                0x00000000200002ac        0x1 ./Src/RS485_2.o
                0x00000000200002ac                sync_gsen2
 .bss.run_gsen2
                0x00000000200002ad        0x1 ./Src/RS485_2.o
                0x00000000200002ad                run_gsen2
 .bss.urx2_comp
                0x00000000200002ae        0x1 ./Src/RS485_2.o
                0x00000000200002ae                urx2_comp
 *fill*         0x00000000200002af        0x1 
 .bss.urx2_buf  0x00000000200002b0      0x200 ./Src/RS485_2.o
                0x00000000200002b0                urx2_buf
 .bss.utx2_buf  0x00000000200004b0      0x200 ./Src/RS485_2.o
                0x00000000200004b0                utx2_buf
 .bss.urx2_count
                0x00000000200006b0        0x2 ./Src/RS485_2.o
                0x00000000200006b0                urx2_count
 .bss.p2_out    0x00000000200006b2        0x2 ./Src/RS485_2.o
                0x00000000200006b2                p2_out
 .bss.p2_in     0x00000000200006b4        0x2 ./Src/RS485_2.o
                0x00000000200006b4                p2_in
 .bss.urx2_tout
                0x00000000200006b6        0x2 ./Src/RS485_2.o
                0x00000000200006b6                urx2_tout
 .bss.utx2_sendbuf
                0x00000000200006b8        0xa ./Src/RS485_2.o
                0x00000000200006b8                utx2_sendbuf
 *fill*         0x00000000200006c2        0x2 
 .bss.gsen2_buf
                0x00000000200006c4        0xc ./Src/RS485_2.o
                0x00000000200006c4                gsen2_buf
 .bss.idx_gsen2
                0x00000000200006d0        0x2 ./Src/RS485_2.o
                0x00000000200006d0                idx_gsen2
 .bss.gsen2_timeout
                0x00000000200006d2        0x2 ./Src/RS485_2.o
                0x00000000200006d2                gsen2_timeout
 .bss.footmode  0x00000000200006d4        0x1 ./Src/keyscan.o
                0x00000000200006d4                footmode
 *fill*         0x00000000200006d5        0x1 
 .bss.dio_input
                0x00000000200006d6        0x2 ./Src/keyscan.o
                0x00000000200006d6                dio_input
 .bss.prekey_01
                0x00000000200006d8        0x1 ./Src/keyscan.o
                0x00000000200006d8                prekey_01
 .bss.do_out1   0x00000000200006d9        0x1 ./Src/keyscan.o
                0x00000000200006d9                do_out1
 .bss.do_out2   0x00000000200006da        0x1 ./Src/keyscan.o
                0x00000000200006da                do_out2
 .bss.flg_do_out1
                0x00000000200006db        0x1 ./Src/keyscan.o
                0x00000000200006db                flg_do_out1
 .bss.debounce_timer
                0x00000000200006dc        0x4 ./Src/keyscan.o
                0x00000000200006dc                debounce_timer
 .bss.hadc      0x00000000200006e0       0x40 ./Src/main.o
                0x00000000200006e0                hadc
 .bss.hdma_adc  0x0000000020000720       0x44 ./Src/main.o
                0x0000000020000720                hdma_adc
 .bss.huart1    0x0000000020000764       0x88 ./Src/main.o
                0x0000000020000764                huart1
 .bss.huart2    0x00000000200007ec       0x88 ./Src/main.o
                0x00000000200007ec                huart2
 .bss.RegularConvData_Tab
                0x0000000020000874        0xe ./Src/main.o
                0x0000000020000874                RegularConvData_Tab
 *(COMMON)
                0x0000000020000884                . = ALIGN (0x4)
 *fill*         0x0000000020000882        0x2 
                0x0000000020000884                _ebss = .
                0x0000000020000884                __bss_end__ = _ebss

._user_heap_stack
                0x0000000020000884      0x604 load address 0x0000000008003e4c
                0x0000000020000888                . = ALIGN (0x8)
 *fill*         0x0000000020000884        0x4 
                [!provide]                        PROVIDE (end = .)
                0x0000000020000888                PROVIDE (_end = .)
                0x0000000020000a88                . = (. + _Min_Heap_Size)
 *fill*         0x0000000020000888      0x200 
                0x0000000020000e88                . = (. + _Min_Stack_Size)
 *fill*         0x0000000020000a88      0x400 
                0x0000000020000e88                . = ALIGN (0x8)

/DISCARD/
 libc.a(*)
 libm.a(*)
 libgcc.a(*)

.ARM.attributes
                0x0000000000000000       0x28
 *(.ARM.attributes)
 .ARM.attributes
                0x0000000000000000       0x1e c:/st/stm32cubeide_1.9.0/stm32cubeide/plugins/com.st.stm32cube.ide.mcu.externaltools.gnu-tools-for-stm32.10.3-2021.10.win32_1.0.200.202301161003/tools/bin/../lib/gcc/arm-none-eabi/10.3.1/thumb/v6-m/nofp/crti.o
 .ARM.attributes
                0x000000000000001e       0x2c c:/st/stm32cubeide_1.9.0/stm32cubeide/plugins/com.st.stm32cube.ide.mcu.externaltools.gnu-tools-for-stm32.10.3-2021.10.win32_1.0.200.202301161003/tools/bin/../lib/gcc/arm-none-eabi/10.3.1/thumb/v6-m/nofp/crtbegin.o
 .ARM.attributes
                0x000000000000004a       0x2c ./Drivers/STM32F0xx_HAL_Driver/Src/stm32f0xx_hal.o
 .ARM.attributes
                0x0000000000000076       0x2c ./Drivers/STM32F0xx_HAL_Driver/Src/stm32f0xx_hal_adc.o
 .ARM.attributes
                0x00000000000000a2       0x2c ./Drivers/STM32F0xx_HAL_Driver/Src/stm32f0xx_hal_adc_ex.o
 .ARM.attributes
                0x00000000000000ce       0x2c ./Drivers/STM32F0xx_HAL_Driver/Src/stm32f0xx_hal_cortex.o
 .ARM.attributes
                0x00000000000000fa       0x2c ./Drivers/STM32F0xx_HAL_Driver/Src/stm32f0xx_hal_dma.o
 .ARM.attributes
                0x0000000000000126       0x2c ./Drivers/STM32F0xx_HAL_Driver/Src/stm32f0xx_hal_gpio.o
 .ARM.attributes
                0x0000000000000152       0x2c ./Drivers/STM32F0xx_HAL_Driver/Src/stm32f0xx_hal_rcc.o
 .ARM.attributes
                0x000000000000017e       0x2c ./Drivers/STM32F0xx_HAL_Driver/Src/stm32f0xx_hal_rcc_ex.o
 .ARM.attributes
                0x00000000000001aa       0x2c ./Drivers/STM32F0xx_HAL_Driver/Src/stm32f0xx_hal_uart.o
 .ARM.attributes
                0x00000000000001d6       0x2c ./Drivers/STM32F0xx_HAL_Driver/Src/stm32f0xx_hal_uart_ex.o
 .ARM.attributes
                0x0000000000000202       0x2c ./Src/Crc16.o
 .ARM.attributes
                0x000000000000022e       0x2c ./Src/Modbus_Crc.o
 .ARM.attributes
                0x000000000000025a       0x2c ./Src/MyTimer.o
 .ARM.attributes
                0x0000000000000286       0x2c ./Src/RS485.o
 .ARM.attributes
                0x00000000000002b2       0x2c ./Src/RS485_2.o
 .ARM.attributes
                0x00000000000002de       0x2c ./Src/keyscan.o
 .ARM.attributes
                0x000000000000030a       0x2c ./Src/main.o
 .ARM.attributes
                0x0000000000000336       0x2c ./Src/stm32f0xx_hal_msp.o
 .ARM.attributes
                0x0000000000000362       0x2c ./Src/stm32f0xx_it.o
 .ARM.attributes
                0x000000000000038e       0x2c ./Src/system_stm32f0xx.o
 .ARM.attributes
                0x00000000000003ba       0x21 ./Startup/startup_stm32f030r8tx.o
 .ARM.attributes
                0x00000000000003db       0x2c c:/st/stm32cubeide_1.9.0/stm32cubeide/plugins/com.st.stm32cube.ide.mcu.externaltools.gnu-tools-for-stm32.10.3-2021.10.win32_1.0.200.202301161003/tools/bin/../lib/gcc/arm-none-eabi/10.3.1/../../../../arm-none-eabi/lib/thumb/v6-m/nofp\libc_nano.a(lib_a-init.o)
 .ARM.attributes
                0x0000000000000407       0x2c c:/st/stm32cubeide_1.9.0/stm32cubeide/plugins/com.st.stm32cube.ide.mcu.externaltools.gnu-tools-for-stm32.10.3-2021.10.win32_1.0.200.202301161003/tools/bin/../lib/gcc/arm-none-eabi/10.3.1/../../../../arm-none-eabi/lib/thumb/v6-m/nofp\libc_nano.a(lib_a-memset.o)
 .ARM.attributes
                0x0000000000000433       0x1e c:/st/stm32cubeide_1.9.0/stm32cubeide/plugins/com.st.stm32cube.ide.mcu.externaltools.gnu-tools-for-stm32.10.3-2021.10.win32_1.0.200.202301161003/tools/bin/../lib/gcc/arm-none-eabi/10.3.1/thumb/v6-m/nofp\libgcc.a(_udivsi3.o)
 .ARM.attributes
                0x0000000000000451       0x1e c:/st/stm32cubeide_1.9.0/stm32cubeide/plugins/com.st.stm32cube.ide.mcu.externaltools.gnu-tools-for-stm32.10.3-2021.10.win32_1.0.200.202301161003/tools/bin/../lib/gcc/arm-none-eabi/10.3.1/thumb/v6-m/nofp\libgcc.a(_dvmd_tls.o)
 .ARM.attributes
                0x000000000000046f       0x1e c:/st/stm32cubeide_1.9.0/stm32cubeide/plugins/com.st.stm32cube.ide.mcu.externaltools.gnu-tools-for-stm32.10.3-2021.10.win32_1.0.200.202301161003/tools/bin/../lib/gcc/arm-none-eabi/10.3.1/thumb/v6-m/nofp/crtn.o
OUTPUT(smartsensorbd.elf elf32-littlearm)
LOAD linker stubs
LOAD c:/st/stm32cubeide_1.9.0/stm32cubeide/plugins/com.st.stm32cube.ide.mcu.externaltools.gnu-tools-for-stm32.10.3-2021.10.win32_1.0.200.202301161003/tools/bin/../lib/gcc/arm-none-eabi/10.3.1/../../../../arm-none-eabi/lib/thumb/v6-m/nofp\libc.a
LOAD c:/st/stm32cubeide_1.9.0/stm32cubeide/plugins/com.st.stm32cube.ide.mcu.externaltools.gnu-tools-for-stm32.10.3-2021.10.win32_1.0.200.202301161003/tools/bin/../lib/gcc/arm-none-eabi/10.3.1/../../../../arm-none-eabi/lib/thumb/v6-m/nofp\libm.a
LOAD c:/st/stm32cubeide_1.9.0/stm32cubeide/plugins/com.st.stm32cube.ide.mcu.externaltools.gnu-tools-for-stm32.10.3-2021.10.win32_1.0.200.202301161003/tools/bin/../lib/gcc/arm-none-eabi/10.3.1/thumb/v6-m/nofp\libgcc.a

.debug_info     0x0000000000000000     0xc388
 .debug_info    0x0000000000000000      0x6bb ./Drivers/STM32F0xx_HAL_Driver/Src/stm32f0xx_hal.o
 .debug_info    0x00000000000006bb      0xd13 ./Drivers/STM32F0xx_HAL_Driver/Src/stm32f0xx_hal_adc.o
 .debug_info    0x00000000000013ce      0x5a4 ./Drivers/STM32F0xx_HAL_Driver/Src/stm32f0xx_hal_adc_ex.o
 .debug_info    0x0000000000001972      0x6f9 ./Drivers/STM32F0xx_HAL_Driver/Src/stm32f0xx_hal_cortex.o
 .debug_info    0x000000000000206b      0x752 ./Drivers/STM32F0xx_HAL_Driver/Src/stm32f0xx_hal_dma.o
 .debug_info    0x00000000000027bd      0x611 ./Drivers/STM32F0xx_HAL_Driver/Src/stm32f0xx_hal_gpio.o
 .debug_info    0x0000000000002dce      0x88c ./Drivers/STM32F0xx_HAL_Driver/Src/stm32f0xx_hal_rcc.o
 .debug_info    0x000000000000365a      0x37b ./Drivers/STM32F0xx_HAL_Driver/Src/stm32f0xx_hal_rcc_ex.o
 .debug_info    0x00000000000039d5     0x3cbc ./Drivers/STM32F0xx_HAL_Driver/Src/stm32f0xx_hal_uart.o
 .debug_info    0x0000000000007691      0xa84 ./Drivers/STM32F0xx_HAL_Driver/Src/stm32f0xx_hal_uart_ex.o
 .debug_info    0x0000000000008115      0x166 ./Src/Crc16.o
 .debug_info    0x000000000000827b      0x1ea ./Src/Modbus_Crc.o
 .debug_info    0x0000000000008465      0x1c1 ./Src/MyTimer.o
 .debug_info    0x0000000000008626      0xab6 ./Src/RS485.o
 .debug_info    0x00000000000090dc      0xa7e ./Src/RS485_2.o
 .debug_info    0x0000000000009b5a      0x2d3 ./Src/keyscan.o
 .debug_info    0x0000000000009e2d     0x1130 ./Src/main.o
 .debug_info    0x000000000000af5d      0xe11 ./Src/stm32f0xx_hal_msp.o
 .debug_info    0x000000000000bd6e      0x38f ./Src/stm32f0xx_it.o
 .debug_info    0x000000000000c0fd      0x269 ./Src/system_stm32f0xx.o
 .debug_info    0x000000000000c366       0x22 ./Startup/startup_stm32f030r8tx.o

.debug_abbrev   0x0000000000000000     0x2357
 .debug_abbrev  0x0000000000000000      0x23f ./Drivers/STM32F0xx_HAL_Driver/Src/stm32f0xx_hal.o
 .debug_abbrev  0x000000000000023f      0x203 ./Drivers/STM32F0xx_HAL_Driver/Src/stm32f0xx_hal_adc.o
 .debug_abbrev  0x0000000000000442      0x131 ./Drivers/STM32F0xx_HAL_Driver/Src/stm32f0xx_hal_adc_ex.o
 .debug_abbrev  0x0000000000000573      0x283 ./Drivers/STM32F0xx_HAL_Driver/Src/stm32f0xx_hal_cortex.o
 .debug_abbrev  0x00000000000007f6      0x1e9 ./Drivers/STM32F0xx_HAL_Driver/Src/stm32f0xx_hal_dma.o
 .debug_abbrev  0x00000000000009df      0x1bb ./Drivers/STM32F0xx_HAL_Driver/Src/stm32f0xx_hal_gpio.o
 .debug_abbrev  0x0000000000000b9a      0x283 ./Drivers/STM32F0xx_HAL_Driver/Src/stm32f0xx_hal_rcc.o
 .debug_abbrev  0x0000000000000e1d      0x169 ./Drivers/STM32F0xx_HAL_Driver/Src/stm32f0xx_hal_rcc_ex.o
 .debug_abbrev  0x0000000000000f86      0x2b6 ./Drivers/STM32F0xx_HAL_Driver/Src/stm32f0xx_hal_uart.o
 .debug_abbrev  0x000000000000123c      0x26a ./Drivers/STM32F0xx_HAL_Driver/Src/stm32f0xx_hal_uart_ex.o
 .debug_abbrev  0x00000000000014a6       0xc0 ./Src/Crc16.o
 .debug_abbrev  0x0000000000001566      0x104 ./Src/Modbus_Crc.o
 .debug_abbrev  0x000000000000166a       0x83 ./Src/MyTimer.o
 .debug_abbrev  0x00000000000016ed      0x208 ./Src/RS485.o
 .debug_abbrev  0x00000000000018f5      0x208 ./Src/RS485_2.o
 .debug_abbrev  0x0000000000001afd      0x11e ./Src/keyscan.o
 .debug_abbrev  0x0000000000001c1b      0x2ae ./Src/main.o
 .debug_abbrev  0x0000000000001ec9      0x223 ./Src/stm32f0xx_hal_msp.o
 .debug_abbrev  0x00000000000020ec      0x143 ./Src/stm32f0xx_it.o
 .debug_abbrev  0x000000000000222f      0x116 ./Src/system_stm32f0xx.o
 .debug_abbrev  0x0000000000002345       0x12 ./Startup/startup_stm32f030r8tx.o

.debug_aranges  0x0000000000000000      0x8e8
 .debug_aranges
                0x0000000000000000       0xd0 ./Drivers/STM32F0xx_HAL_Driver/Src/stm32f0xx_hal.o
 .debug_aranges
                0x00000000000000d0       0xf8 ./Drivers/STM32F0xx_HAL_Driver/Src/stm32f0xx_hal_adc.o
 .debug_aranges
                0x00000000000001c8       0x20 ./Drivers/STM32F0xx_HAL_Driver/Src/stm32f0xx_hal_adc_ex.o
 .debug_aranges
                0x00000000000001e8       0xc0 ./Drivers/STM32F0xx_HAL_Driver/Src/stm32f0xx_hal_cortex.o
 .debug_aranges
                0x00000000000002a8       0x88 ./Drivers/STM32F0xx_HAL_Driver/Src/stm32f0xx_hal_dma.o
 .debug_aranges
                0x0000000000000330       0x58 ./Drivers/STM32F0xx_HAL_Driver/Src/stm32f0xx_hal_gpio.o
 .debug_aranges
                0x0000000000000388       0x80 ./Drivers/STM32F0xx_HAL_Driver/Src/stm32f0xx_hal_rcc.o
 .debug_aranges
                0x0000000000000408       0x30 ./Drivers/STM32F0xx_HAL_Driver/Src/stm32f0xx_hal_rcc_ex.o
 .debug_aranges
                0x0000000000000438      0x218 ./Drivers/STM32F0xx_HAL_Driver/Src/stm32f0xx_hal_uart.o
 .debug_aranges
                0x0000000000000650       0x48 ./Drivers/STM32F0xx_HAL_Driver/Src/stm32f0xx_hal_uart_ex.o
 .debug_aranges
                0x0000000000000698       0x20 ./Src/Crc16.o
 .debug_aranges
                0x00000000000006b8       0x30 ./Src/Modbus_Crc.o
 .debug_aranges
                0x00000000000006e8       0x28 ./Src/MyTimer.o
 .debug_aranges
                0x0000000000000710       0x38 ./Src/RS485.o
 .debug_aranges
                0x0000000000000748       0x38 ./Src/RS485_2.o
 .debug_aranges
                0x0000000000000780       0x28 ./Src/keyscan.o
 .debug_aranges
                0x00000000000007a8       0x58 ./Src/main.o
 .debug_aranges
                0x0000000000000800       0x40 ./Src/stm32f0xx_hal_msp.o
 .debug_aranges
                0x0000000000000840       0x58 ./Src/stm32f0xx_it.o
 .debug_aranges
                0x0000000000000898       0x28 ./Src/system_stm32f0xx.o
 .debug_aranges
                0x00000000000008c0       0x28 ./Startup/startup_stm32f030r8tx.o

.debug_ranges   0x0000000000000000      0x7d0
 .debug_ranges  0x0000000000000000       0xc0 ./Drivers/STM32F0xx_HAL_Driver/Src/stm32f0xx_hal.o
 .debug_ranges  0x00000000000000c0       0xe8 ./Drivers/STM32F0xx_HAL_Driver/Src/stm32f0xx_hal_adc.o
 .debug_ranges  0x00000000000001a8       0x10 ./Drivers/STM32F0xx_HAL_Driver/Src/stm32f0xx_hal_adc_ex.o
 .debug_ranges  0x00000000000001b8       0xb0 ./Drivers/STM32F0xx_HAL_Driver/Src/stm32f0xx_hal_cortex.o
 .debug_ranges  0x0000000000000268       0x78 ./Drivers/STM32F0xx_HAL_Driver/Src/stm32f0xx_hal_dma.o
 .debug_ranges  0x00000000000002e0       0x48 ./Drivers/STM32F0xx_HAL_Driver/Src/stm32f0xx_hal_gpio.o
 .debug_ranges  0x0000000000000328       0x70 ./Drivers/STM32F0xx_HAL_Driver/Src/stm32f0xx_hal_rcc.o
 .debug_ranges  0x0000000000000398       0x20 ./Drivers/STM32F0xx_HAL_Driver/Src/stm32f0xx_hal_rcc_ex.o
 .debug_ranges  0x00000000000003b8      0x238 ./Drivers/STM32F0xx_HAL_Driver/Src/stm32f0xx_hal_uart.o
 .debug_ranges  0x00000000000005f0       0x38 ./Drivers/STM32F0xx_HAL_Driver/Src/stm32f0xx_hal_uart_ex.o
 .debug_ranges  0x0000000000000628       0x10 ./Src/Crc16.o
 .debug_ranges  0x0000000000000638       0x20 ./Src/Modbus_Crc.o
 .debug_ranges  0x0000000000000658       0x18 ./Src/MyTimer.o
 .debug_ranges  0x0000000000000670       0x28 ./Src/RS485.o
 .debug_ranges  0x0000000000000698       0x28 ./Src/RS485_2.o
 .debug_ranges  0x00000000000006c0       0x18 ./Src/keyscan.o
 .debug_ranges  0x00000000000006d8       0x48 ./Src/main.o
 .debug_ranges  0x0000000000000720       0x30 ./Src/stm32f0xx_hal_msp.o
 .debug_ranges  0x0000000000000750       0x48 ./Src/stm32f0xx_it.o
 .debug_ranges  0x0000000000000798       0x18 ./Src/system_stm32f0xx.o
 .debug_ranges  0x00000000000007b0       0x20 ./Startup/startup_stm32f030r8tx.o

.debug_macro    0x0000000000000000    0x11275
 .debug_macro   0x0000000000000000      0x1e5 ./Drivers/STM32F0xx_HAL_Driver/Src/stm32f0xx_hal.o
 .debug_macro   0x00000000000001e5      0xa4e ./Drivers/STM32F0xx_HAL_Driver/Src/stm32f0xx_hal.o
 .debug_macro   0x0000000000000c33      0x133 ./Drivers/STM32F0xx_HAL_Driver/Src/stm32f0xx_hal.o
 .debug_macro   0x0000000000000d66       0x2e ./Drivers/STM32F0xx_HAL_Driver/Src/stm32f0xx_hal.o
 .debug_macro   0x0000000000000d94       0x22 ./Drivers/STM32F0xx_HAL_Driver/Src/stm32f0xx_hal.o
 .debug_macro   0x0000000000000db6       0x22 ./Drivers/STM32F0xx_HAL_Driver/Src/stm32f0xx_hal.o
 .debug_macro   0x0000000000000dd8       0x8e ./Drivers/STM32F0xx_HAL_Driver/Src/stm32f0xx_hal.o
 .debug_macro   0x0000000000000e66       0x51 ./Drivers/STM32F0xx_HAL_Driver/Src/stm32f0xx_hal.o
 .debug_macro   0x0000000000000eb7      0x103 ./Drivers/STM32F0xx_HAL_Driver/Src/stm32f0xx_hal.o
 .debug_macro   0x0000000000000fba       0x6a ./Drivers/STM32F0xx_HAL_Driver/Src/stm32f0xx_hal.o
 .debug_macro   0x0000000000001024      0x1df ./Drivers/STM32F0xx_HAL_Driver/Src/stm32f0xx_hal.o
 .debug_macro   0x0000000000001203       0x1c ./Drivers/STM32F0xx_HAL_Driver/Src/stm32f0xx_hal.o
 .debug_macro   0x000000000000121f       0x22 ./Drivers/STM32F0xx_HAL_Driver/Src/stm32f0xx_hal.o
 .debug_macro   0x0000000000001241       0xaf ./Drivers/STM32F0xx_HAL_Driver/Src/stm32f0xx_hal.o
 .debug_macro   0x00000000000012f0      0x391 ./Drivers/STM32F0xx_HAL_Driver/Src/stm32f0xx_hal.o
 .debug_macro   0x0000000000001681     0x6f47 ./Drivers/STM32F0xx_HAL_Driver/Src/stm32f0xx_hal.o
 .debug_macro   0x00000000000085c8       0x66 ./Drivers/STM32F0xx_HAL_Driver/Src/stm32f0xx_hal.o
 .debug_macro   0x000000000000862e     0x34be ./Drivers/STM32F0xx_HAL_Driver/Src/stm32f0xx_hal.o
 .debug_macro   0x000000000000baec      0x174 ./Drivers/STM32F0xx_HAL_Driver/Src/stm32f0xx_hal.o
 .debug_macro   0x000000000000bc60       0x55 ./Drivers/STM32F0xx_HAL_Driver/Src/stm32f0xx_hal.o
 .debug_macro   0x000000000000bcb5      0x924 ./Drivers/STM32F0xx_HAL_Driver/Src/stm32f0xx_hal.o
 .debug_macro   0x000000000000c5d9      0x17f ./Drivers/STM32F0xx_HAL_Driver/Src/stm32f0xx_hal.o
 .debug_macro   0x000000000000c758      0x1ae ./Drivers/STM32F0xx_HAL_Driver/Src/stm32f0xx_hal.o
 .debug_macro   0x000000000000c906       0xd8 ./Drivers/STM32F0xx_HAL_Driver/Src/stm32f0xx_hal.o
 .debug_macro   0x000000000000c9de      0x1a0 ./Drivers/STM32F0xx_HAL_Driver/Src/stm32f0xx_hal.o
 .debug_macro   0x000000000000cb7e      0x1ed ./Drivers/STM32F0xx_HAL_Driver/Src/stm32f0xx_hal.o
 .debug_macro   0x000000000000cd6b       0x34 ./Drivers/STM32F0xx_HAL_Driver/Src/stm32f0xx_hal.o
 .debug_macro   0x000000000000cd9f       0x43 ./Drivers/STM32F0xx_HAL_Driver/Src/stm32f0xx_hal.o
 .debug_macro   0x000000000000cde2       0x28 ./Drivers/STM32F0xx_HAL_Driver/Src/stm32f0xx_hal.o
 .debug_macro   0x000000000000ce0a      0x33d ./Drivers/STM32F0xx_HAL_Driver/Src/stm32f0xx_hal.o
 .debug_macro   0x000000000000d147       0xc2 ./Drivers/STM32F0xx_HAL_Driver/Src/stm32f0xx_hal.o
 .debug_macro   0x000000000000d209       0xb0 ./Drivers/STM32F0xx_HAL_Driver/Src/stm32f0xx_hal.o
 .debug_macro   0x000000000000d2b9      0x199 ./Drivers/STM32F0xx_HAL_Driver/Src/stm32f0xx_hal.o
 .debug_macro   0x000000000000d452      0x22c ./Drivers/STM32F0xx_HAL_Driver/Src/stm32f0xx_hal.o
 .debug_macro   0x000000000000d67e       0x61 ./Drivers/STM32F0xx_HAL_Driver/Src/stm32f0xx_hal.o
 .debug_macro   0x000000000000d6df       0xa5 ./Drivers/STM32F0xx_HAL_Driver/Src/stm32f0xx_hal.o
 .debug_macro   0x000000000000d784       0x4c ./Drivers/STM32F0xx_HAL_Driver/Src/stm32f0xx_hal.o
 .debug_macro   0x000000000000d7d0       0x2b ./Drivers/STM32F0xx_HAL_Driver/Src/stm32f0xx_hal.o
 .debug_macro   0x000000000000d7fb      0x56d ./Drivers/STM32F0xx_HAL_Driver/Src/stm32f0xx_hal.o
 .debug_macro   0x000000000000dd68       0x3e ./Drivers/STM32F0xx_HAL_Driver/Src/stm32f0xx_hal.o
 .debug_macro   0x000000000000dda6       0xff ./Drivers/STM32F0xx_HAL_Driver/Src/stm32f0xx_hal.o
 .debug_macro   0x000000000000dea5      0x1e5 ./Drivers/STM32F0xx_HAL_Driver/Src/stm32f0xx_hal_adc.o
 .debug_macro   0x000000000000e08a      0x1cd ./Drivers/STM32F0xx_HAL_Driver/Src/stm32f0xx_hal_adc_ex.o
 .debug_macro   0x000000000000e257      0x1c1 ./Drivers/STM32F0xx_HAL_Driver/Src/stm32f0xx_hal_cortex.o
 .debug_macro   0x000000000000e418      0x1c1 ./Drivers/STM32F0xx_HAL_Driver/Src/stm32f0xx_hal_dma.o
 .debug_macro   0x000000000000e5d9      0x1c8 ./Drivers/STM32F0xx_HAL_Driver/Src/stm32f0xx_hal_gpio.o
 .debug_macro   0x000000000000e7a1      0x1d3 ./Drivers/STM32F0xx_HAL_Driver/Src/stm32f0xx_hal_rcc.o
 .debug_macro   0x000000000000e974      0x1c1 ./Drivers/STM32F0xx_HAL_Driver/Src/stm32f0xx_hal_rcc_ex.o
 .debug_macro   0x000000000000eb35      0x1de ./Drivers/STM32F0xx_HAL_Driver/Src/stm32f0xx_hal_uart.o
 .debug_macro   0x000000000000ed13      0x1c1 ./Drivers/STM32F0xx_HAL_Driver/Src/stm32f0xx_hal_uart_ex.o
 .debug_macro   0x000000000000eed4      0x1c1 ./Src/Crc16.o
 .debug_macro   0x000000000000f095      0x1e3 ./Src/Modbus_Crc.o
 .debug_macro   0x000000000000f278       0x52 ./Src/Modbus_Crc.o
 .debug_macro   0x000000000000f2ca       0x10 ./Src/Modbus_Crc.o
 .debug_macro   0x000000000000f2da      0x1d9 ./Src/MyTimer.o
 .debug_macro   0x000000000000f4b3       0x1c ./Src/MyTimer.o
 .debug_macro   0x000000000000f4cf      0x3c1 ./Src/RS485.o
 .debug_macro   0x000000000000f890       0x52 ./Src/RS485.o
 .debug_macro   0x000000000000f8e2       0x18 ./Src/RS485.o
 .debug_macro   0x000000000000f8fa       0x3c ./Src/RS485.o
 .debug_macro   0x000000000000f936       0x34 ./Src/RS485.o
 .debug_macro   0x000000000000f96a       0x16 ./Src/RS485.o
 .debug_macro   0x000000000000f980       0x35 ./Src/RS485.o
 .debug_macro   0x000000000000f9b5      0x341 ./Src/RS485.o
 .debug_macro   0x000000000000fcf6       0x10 ./Src/RS485.o
 .debug_macro   0x000000000000fd06       0x16 ./Src/RS485.o
 .debug_macro   0x000000000000fd1c       0x43 ./Src/RS485.o
 .debug_macro   0x000000000000fd5f       0x34 ./Src/RS485.o
 .debug_macro   0x000000000000fd93       0x10 ./Src/RS485.o
 .debug_macro   0x000000000000fda3       0x58 ./Src/RS485.o
 .debug_macro   0x000000000000fdfb       0x71 ./Src/RS485.o
 .debug_macro   0x000000000000fe6c       0x1c ./Src/RS485.o
 .debug_macro   0x000000000000fe88      0x12a ./Src/RS485.o
 .debug_macro   0x000000000000ffb2       0x10 ./Src/RS485.o
 .debug_macro   0x000000000000ffc2       0x1c ./Src/RS485.o
 .debug_macro   0x000000000000ffde       0x52 ./Src/RS485.o
 .debug_macro   0x0000000000010030       0x22 ./Src/RS485.o
 .debug_macro   0x0000000000010052       0x10 ./Src/RS485.o
 .debug_macro   0x0000000000010062       0x52 ./Src/RS485.o
 .debug_macro   0x00000000000100b4       0xd5 ./Src/RS485.o
 .debug_macro   0x0000000000010189       0x1c ./Src/RS485.o
 .debug_macro   0x00000000000101a5       0x3d ./Src/RS485.o
 .debug_macro   0x00000000000101e2       0x16 ./Src/RS485.o
 .debug_macro   0x00000000000101f8      0x145 ./Src/RS485.o
 .debug_macro   0x000000000001033d       0x16 ./Src/RS485.o
 .debug_macro   0x0000000000010353       0x20 ./Src/RS485.o
 .debug_macro   0x0000000000010373       0x16 ./Src/RS485.o
 .debug_macro   0x0000000000010389       0x16 ./Src/RS485.o
 .debug_macro   0x000000000001039f       0x29 ./Src/RS485.o
 .debug_macro   0x00000000000103c8       0x4c ./Src/RS485.o
 .debug_macro   0x0000000000010414      0x11f ./Src/RS485.o
 .debug_macro   0x0000000000010533       0x16 ./Src/RS485.o
 .debug_macro   0x0000000000010549      0x3c1 ./Src/RS485_2.o
 .debug_macro   0x000000000001090a      0x1da ./Src/keyscan.o
 .debug_macro   0x0000000000010ae4      0x1f8 ./Src/main.o
 .debug_macro   0x0000000000010cdc       0x1c ./Src/main.o
 .debug_macro   0x0000000000010cf8      0x1d0 ./Src/stm32f0xx_hal_msp.o
 .debug_macro   0x0000000000010ec8      0x1ec ./Src/stm32f0xx_it.o
 .debug_macro   0x00000000000110b4      0x1c1 ./Src/system_stm32f0xx.o

.debug_line     0x0000000000000000     0xe31e
 .debug_line    0x0000000000000000      0x951 ./Drivers/STM32F0xx_HAL_Driver/Src/stm32f0xx_hal.o
 .debug_line    0x0000000000000951     0x1178 ./Drivers/STM32F0xx_HAL_Driver/Src/stm32f0xx_hal_adc.o
 .debug_line    0x0000000000001ac9      0x76a ./Drivers/STM32F0xx_HAL_Driver/Src/stm32f0xx_hal_adc_ex.o
 .debug_line    0x0000000000002233      0x9fd ./Drivers/STM32F0xx_HAL_Driver/Src/stm32f0xx_hal_cortex.o
 .debug_line    0x0000000000002c30      0xc75 ./Drivers/STM32F0xx_HAL_Driver/Src/stm32f0xx_hal_dma.o
 .debug_line    0x00000000000038a5      0xacc ./Drivers/STM32F0xx_HAL_Driver/Src/stm32f0xx_hal_gpio.o
 .debug_line    0x0000000000004371      0xd39 ./Drivers/STM32F0xx_HAL_Driver/Src/stm32f0xx_hal_rcc.o
 .debug_line    0x00000000000050aa      0x8b0 ./Drivers/STM32F0xx_HAL_Driver/Src/stm32f0xx_hal_rcc_ex.o
 .debug_line    0x000000000000595a     0x2b23 ./Drivers/STM32F0xx_HAL_Driver/Src/stm32f0xx_hal_uart.o
 .debug_line    0x000000000000847d      0x9c0 ./Drivers/STM32F0xx_HAL_Driver/Src/stm32f0xx_hal_uart_ex.o
 .debug_line    0x0000000000008e3d      0x710 ./Src/Crc16.o
 .debug_line    0x000000000000954d      0x7cf ./Src/Modbus_Crc.o
 .debug_line    0x0000000000009d1c      0x756 ./Src/MyTimer.o
 .debug_line    0x000000000000a472      0xb62 ./Src/RS485.o
 .debug_line    0x000000000000afd4      0xb79 ./Src/RS485_2.o
 .debug_line    0x000000000000bb4d      0x744 ./Src/keyscan.o
 .debug_line    0x000000000000c291      0x954 ./Src/main.o
 .debug_line    0x000000000000cbe5      0x7dd ./Src/stm32f0xx_hal_msp.o
 .debug_line    0x000000000000d3c2      0x797 ./Src/stm32f0xx_it.o
 .debug_line    0x000000000000db59      0x741 ./Src/system_stm32f0xx.o
 .debug_line    0x000000000000e29a       0x84 ./Startup/startup_stm32f030r8tx.o

.debug_str      0x0000000000000000    0x60d3c
 .debug_str     0x0000000000000000    0x59e91 ./Drivers/STM32F0xx_HAL_Driver/Src/stm32f0xx_hal.o
                                      0x5a209 (size before relaxing)
 .debug_str     0x0000000000059e91      0x6fe ./Drivers/STM32F0xx_HAL_Driver/Src/stm32f0xx_hal_adc.o
                                      0x5a382 (size before relaxing)
 .debug_str     0x000000000005a58f       0xa8 ./Drivers/STM32F0xx_HAL_Driver/Src/stm32f0xx_hal_adc_ex.o
                                      0x59ffc (size before relaxing)
 .debug_str     0x000000000005a637      0x1aa ./Drivers/STM32F0xx_HAL_Driver/Src/stm32f0xx_hal_cortex.o
                                      0x59ffa (size before relaxing)
 .debug_str     0x000000000005a7e1      0x229 ./Drivers/STM32F0xx_HAL_Driver/Src/stm32f0xx_hal_dma.o
                                      0x5a01b (size before relaxing)
 .debug_str     0x000000000005aa0a      0x1d1 ./Drivers/STM32F0xx_HAL_Driver/Src/stm32f0xx_hal_gpio.o
                                      0x59e16 (size before relaxing)
 .debug_str     0x000000000005abdb      0x379 ./Drivers/STM32F0xx_HAL_Driver/Src/stm32f0xx_hal_rcc.o
                                      0x5a0b1 (size before relaxing)
 .debug_str     0x000000000005af54      0x127 ./Drivers/STM32F0xx_HAL_Driver/Src/stm32f0xx_hal_rcc_ex.o
                                      0x59dbe (size before relaxing)
 .debug_str     0x000000000005b07b      0xa86 ./Drivers/STM32F0xx_HAL_Driver/Src/stm32f0xx_hal_uart.o
                                      0x5a98e (size before relaxing)
 .debug_str     0x000000000005bb01      0x11b ./Drivers/STM32F0xx_HAL_Driver/Src/stm32f0xx_hal_uart_ex.o
                                      0x5a215 (size before relaxing)
 .debug_str     0x000000000005bc1c       0x3e ./Src/Crc16.o
                                      0x59bee (size before relaxing)
 .debug_str     0x000000000005bc5a      0x39c ./Src/Modbus_Crc.o
                                      0x59f33 (size before relaxing)
 .debug_str     0x000000000005bff6      0x110 ./Src/MyTimer.o
                                      0x59faa (size before relaxing)
 .debug_str     0x000000000005c106     0x490a ./Src/RS485.o
                                      0x5ed17 (size before relaxing)
 .debug_str     0x0000000000060a10       0xc2 ./Src/RS485_2.o
                                      0x5ecd2 (size before relaxing)
 .debug_str     0x0000000000060ad2       0x67 ./Src/keyscan.o
                                      0x59fd4 (size before relaxing)
 .debug_str     0x0000000000060b39       0xc8 ./Src/main.o
                                      0x5ab25 (size before relaxing)
 .debug_str     0x0000000000060c01       0x1b ./Src/stm32f0xx_hal_msp.o
                                      0x5a7ab (size before relaxing)
 .debug_str     0x0000000000060c1c       0x95 ./Src/stm32f0xx_it.o
                                      0x5a1b1 (size before relaxing)
 .debug_str     0x0000000000060cb1       0x5a ./Src/system_stm32f0xx.o
                                      0x59c70 (size before relaxing)
 .debug_str     0x0000000000060d0b       0x31 ./Startup/startup_stm32f030r8tx.o
                                         0x5c (size before relaxing)

.comment        0x0000000000000000       0x50
 .comment       0x0000000000000000       0x50 ./Drivers/STM32F0xx_HAL_Driver/Src/stm32f0xx_hal.o
                                         0x51 (size before relaxing)
 .comment       0x0000000000000050       0x51 ./Drivers/STM32F0xx_HAL_Driver/Src/stm32f0xx_hal_adc.o
 .comment       0x0000000000000050       0x51 ./Drivers/STM32F0xx_HAL_Driver/Src/stm32f0xx_hal_adc_ex.o
 .comment       0x0000000000000050       0x51 ./Drivers/STM32F0xx_HAL_Driver/Src/stm32f0xx_hal_cortex.o
 .comment       0x0000000000000050       0x51 ./Drivers/STM32F0xx_HAL_Driver/Src/stm32f0xx_hal_dma.o
 .comment       0x0000000000000050       0x51 ./Drivers/STM32F0xx_HAL_Driver/Src/stm32f0xx_hal_gpio.o
 .comment       0x0000000000000050       0x51 ./Drivers/STM32F0xx_HAL_Driver/Src/stm32f0xx_hal_rcc.o
 .comment       0x0000000000000050       0x51 ./Drivers/STM32F0xx_HAL_Driver/Src/stm32f0xx_hal_rcc_ex.o
 .comment       0x0000000000000050       0x51 ./Drivers/STM32F0xx_HAL_Driver/Src/stm32f0xx_hal_uart.o
 .comment       0x0000000000000050       0x51 ./Drivers/STM32F0xx_HAL_Driver/Src/stm32f0xx_hal_uart_ex.o
 .comment       0x0000000000000050       0x51 ./Src/Crc16.o
 .comment       0x0000000000000050       0x51 ./Src/Modbus_Crc.o
 .comment       0x0000000000000050       0x51 ./Src/MyTimer.o
 .comment       0x0000000000000050       0x51 ./Src/RS485.o
 .comment       0x0000000000000050       0x51 ./Src/RS485_2.o
 .comment       0x0000000000000050       0x51 ./Src/keyscan.o
 .comment       0x0000000000000050       0x51 ./Src/main.o
 .comment       0x0000000000000050       0x51 ./Src/stm32f0xx_hal_msp.o
 .comment       0x0000000000000050       0x51 ./Src/stm32f0xx_it.o
 .comment       0x0000000000000050       0x51 ./Src/system_stm32f0xx.o

.debug_frame    0x0000000000000000     0x1c8c
 .debug_frame   0x0000000000000000      0x2a4 ./Drivers/STM32F0xx_HAL_Driver/Src/stm32f0xx_hal.o
 .debug_frame   0x00000000000002a4      0x3a0 ./Drivers/STM32F0xx_HAL_Driver/Src/stm32f0xx_hal_adc.o
 .debug_frame   0x0000000000000644       0x30 ./Drivers/STM32F0xx_HAL_Driver/Src/stm32f0xx_hal_adc_ex.o
 .debug_frame   0x0000000000000674      0x2a0 ./Drivers/STM32F0xx_HAL_Driver/Src/stm32f0xx_hal_cortex.o
 .debug_frame   0x0000000000000914      0x1d0 ./Drivers/STM32F0xx_HAL_Driver/Src/stm32f0xx_hal_dma.o
 .debug_frame   0x0000000000000ae4      0x110 ./Drivers/STM32F0xx_HAL_Driver/Src/stm32f0xx_hal_gpio.o
 .debug_frame   0x0000000000000bf4      0x198 ./Drivers/STM32F0xx_HAL_Driver/Src/stm32f0xx_hal_rcc.o
 .debug_frame   0x0000000000000d8c       0x70 ./Drivers/STM32F0xx_HAL_Driver/Src/stm32f0xx_hal_rcc_ex.o
 .debug_frame   0x0000000000000dfc      0x810 ./Drivers/STM32F0xx_HAL_Driver/Src/stm32f0xx_hal_uart.o
 .debug_frame   0x000000000000160c       0xd8 ./Drivers/STM32F0xx_HAL_Driver/Src/stm32f0xx_hal_uart_ex.o
 .debug_frame   0x00000000000016e4       0x30 ./Src/Crc16.o
 .debug_frame   0x0000000000001714       0x70 ./Src/Modbus_Crc.o
 .debug_frame   0x0000000000001784       0x48 ./Src/MyTimer.o
 .debug_frame   0x00000000000017cc       0x90 ./Src/RS485.o
 .debug_frame   0x000000000000185c       0x90 ./Src/RS485_2.o
 .debug_frame   0x00000000000018ec       0x48 ./Src/keyscan.o
 .debug_frame   0x0000000000001934      0x100 ./Src/main.o
 .debug_frame   0x0000000000001a34       0xb0 ./Src/stm32f0xx_hal_msp.o
 .debug_frame   0x0000000000001ae4       0xf0 ./Src/stm32f0xx_it.o
 .debug_frame   0x0000000000001bd4       0x4c ./Src/system_stm32f0xx.o
 .debug_frame   0x0000000000001c20       0x2c c:/st/stm32cubeide_1.9.0/stm32cubeide/plugins/com.st.stm32cube.ide.mcu.externaltools.gnu-tools-for-stm32.10.3-2021.10.win32_1.0.200.202301161003/tools/bin/../lib/gcc/arm-none-eabi/10.3.1/../../../../arm-none-eabi/lib/thumb/v6-m/nofp\libc_nano.a(lib_a-init.o)
 .debug_frame   0x0000000000001c4c       0x20 c:/st/stm32cubeide_1.9.0/stm32cubeide/plugins/com.st.stm32cube.ide.mcu.externaltools.gnu-tools-for-stm32.10.3-2021.10.win32_1.0.200.202301161003/tools/bin/../lib/gcc/arm-none-eabi/10.3.1/../../../../arm-none-eabi/lib/thumb/v6-m/nofp\libc_nano.a(lib_a-memset.o)
 .debug_frame   0x0000000000001c6c       0x20 c:/st/stm32cubeide_1.9.0/stm32cubeide/plugins/com.st.stm32cube.ide.mcu.externaltools.gnu-tools-for-stm32.10.3-2021.10.win32_1.0.200.202301161003/tools/bin/../lib/gcc/arm-none-eabi/10.3.1/thumb/v6-m/nofp\libgcc.a(_udivsi3.o)
